// Jest Snapshot v1, https://goo.gl/fbAQLP

exports[`combineReducers should throw an error if passed an invalid reducer 1`] = `"Reducer \\"invalid\\" must return initial state when passed undefined state."`;
